
> sxlm@0.1.0 test
> node --test --test-concurrency=1 --test-reporter=tap test/*.test.mjs

TAP version 13
# Subtest: document circuits change a durable conversation while preserving prior observations and source evidence
ok 1 - document circuits change a durable conversation while preserving prior observations and source evidence
  ---
  duration_ms: 33695.628768
  type: 'test'
  ...
# Subtest: document jobs queue, cancel before launch and persist executable failures without activation
ok 2 - document jobs queue, cancel before launch and persist executable failures without activation
  ---
  duration_ms: 1813.065475
  type: 'test'
  ...
# Subtest: document uploads preserve UTF-8 bytes beyond the structured request limit and resume idempotently
ok 3 - document uploads preserve UTF-8 bytes beyond the structured request limit and resume idempotently
  ---
  duration_ms: 14.792744
  type: 'test'
  ...
# Subtest: conversation transcripts persist their model-bound snapshots with ordered pagination
ok 4 - conversation transcripts persist their model-bound snapshots with ordered pagination
  ---
  duration_ms: 8.488566
  type: 'test'
  ...
# Subtest: completion executes SOP and preserves the historical source and frequency contracts
ok 5 - completion executes SOP and preserves the historical source and frequency contracts
  ---
  duration_ms: 1135.262309
  type: 'test'
  ...
# Subtest: source evidence preserves UTF-16 offsets, ties and alternative order
ok 6 - source evidence preserves UTF-16 offsets, ties and alternative order
  ---
  duration_ms: 887.938126
  type: 'test'
  ...
# Subtest: independent sequence providers add observed counts without native retraining
ok 7 - independent sequence providers add observed counts without native retraining
  ---
  duration_ms: 702.666197
  type: 'test'
  ...
# Subtest: learned circuits alone carry source and sequence competence; ablation removes both
ok 8 - learned circuits alone carry source and sequence competence; ablation removes both
  ---
  duration_ms: 1947.876672
  type: 'test'
  ...
# Subtest: compiled observation pages support unrelated nested values and arbitrary safe field names
ok 9 - compiled observation pages support unrelated nested values and arbitrary safe field names
  ---
  duration_ms: 246.605366
  type: 'test'
  ...
# Subtest: finite-function learning rejects conflicts and lazily retrieves exact observed values
ok 10 - finite-function learning rejects conflicts and lazily retrieves exact observed values
  ---
  duration_ms: 112.439931
  type: 'test'
  ...
# Subtest: provider linking preserves order, hashes dependencies and checks contracts and size
ok 11 - provider linking preserves order, hashes dependencies and checks contracts and size
  ---
  duration_ms: 1.907883
  type: 'test'
  ...
# Subtest: sequence find preserves a matching null value instead of replacing it with a fallback
ok 12 - sequence find preserves a matching null value instead of replacing it with a fallback
  ---
  duration_ms: 0.558669
  type: 'test'
  ...
# Subtest: a sequence learning tag cannot certify changed SOP, wiring or missing training evidence
ok 13 - a sequence learning tag cannot certify changed SOP, wiring or missing training evidence
  ---
  duration_ms: 8962.617808
  type: 'test'
  ...
# Subtest: sequence candidates pass the offline CLI learning and promotion loop with parent checks
ok 14 - sequence candidates pass the offline CLI learning and promotion loop with parent checks
  ---
  duration_ms: 61222.897851
  type: 'test'
  ...
# Subtest: generic collection contracts validate singleton collation and explicit slice bounds
ok 15 - generic collection contracts validate singleton collation and explicit slice bounds
  ---
  duration_ms: 1.389583
  type: 'test'
  ...
# Subtest: PDF, Word, slide, workbook and image OCR extraction preserves attributed evidence and format limitations
ok 16 - PDF, Word, slide, workbook and image OCR extraction preserves attributed evidence and format limitations
  ---
  duration_ms: 387.22053
  type: 'test'
  ...
# Subtest: SOP document policy preserves historical interpretation, scopes, source spans and coverage
ok 17 - SOP document policy preserves historical interpretation, scopes, source spans and coverage
  ---
  duration_ms: 4480.006555
  type: 'test'
  ...
# Subtest: unparsed, ambiguous and invalid semantic results become explicit SOP gaps
ok 18 - unparsed, ambiguous and invalid semantic results become explicit SOP gaps
  ---
  duration_ms: 1212.197893
  type: 'test'
  ...
# Subtest: grammar proposals execute as circuit knowledge and removal of wiring removes their competence
ok 19 - grammar proposals execute as circuit knowledge and removal of wiring removes their competence
  ---
  duration_ms: 3482.324691
  type: 'test'
  ...
# Subtest: changing document interpretation policy changes SOP content, not the host implementation
ok 20 - changing document interpretation policy changes SOP content, not the host implementation
  ---
  duration_ms: 490.467046
  type: 'test'
  ...
# Subtest: attempt is typed, dependency-bound and does not convert resource exhaustion to ordinary failure
ok 21 - attempt is typed, dependency-bound and does not convert resource exhaustion to ordinary failure
  ---
  duration_ms: 1.647651
  type: 'test'
  ...
# Subtest: runtime inspection cannot mutate programs, primitive contracts or cached answers
ok 22 - runtime inspection cannot mutate programs, primitive contracts or cached answers
  ---
  duration_ms: 1.024098
  type: 'test'
  ...
# Subtest: grammar indexes are immutable views with normalized and collision-free lexical identity
ok 23 - grammar indexes are immutable views with normalized and collision-free lexical identity
  ---
  duration_ms: 98.19908
  type: 'test'
  ...
# Subtest: prototype-like text remains in source evidence without unsafe label keys
ok 24 - prototype-like text remains in source evidence without unsafe label keys
  ---
  duration_ms: 274.476925
  type: 'test'
  ...
# Subtest: elementary supervision reproduces exact SOP, remains optional, and has no native dependency changes
ok 25 - elementary supervision reproduces exact SOP, remains optional, and has no native dependency changes
  ---
  duration_ms: 2028.499303
  type: 'test'
  ...
# Subtest: elementary language composes over categories, bindings, source facts and new user rules
ok 26 - elementary language composes over categories, bindings, source facts and new user rules
  ---
  duration_ms: 37247.857108
  type: 'test'
  ...
# Subtest: source-backed chains have checked multi-step certificates and exact evidence spans
ok 27 - source-backed chains have checked multi-step certificates and exact evidence spans
  ---
  duration_ms: 834.861868
  type: 'test'
  ...
# Subtest: theory ablation removes a new structural inference and restoration recovers it
ok 28 - theory ablation removes a new structural inference and restoration recovers it
  ---
  duration_ms: 2678.86952
  type: 'test'
  ...
# Subtest: cycle questions reuse a supplied branching graph without assuming a single or exhaustive answer
ok 29 - cycle questions reuse a supplied branching graph without assuming a single or exhaustive answer
  ---
  duration_ms: 5602.690051
  type: 'test'
  ...
# Subtest: new knowledge persists across model-bound turns and strict resource failure preserves state
ok 30 - new knowledge persists across model-bound turns and strict resource failure preserves state
  ---
  duration_ms: 1492.302714
  type: 'test'
  ...
# Subtest: compiler rejects unsupported provenance and unsafe facts instead of manufacturing evidence
ok 31 - compiler rejects unsupported provenance and unsafe facts instead of manufacturing evidence
  ---
  duration_ms: 362.61452
  type: 'test'
  ...
# Subtest: ordinary school conversation gaps remain exposed and are not counted as capability successes
ok 32 - ordinary school conversation gaps remain exposed and are not counted as capability successes
  ---
  duration_ms: 2242.439063
  type: 'test'
  ...
# Subtest: all retired operator families lower to one graph VM with differential value checks
ok 33 - all retired operator families lower to one graph VM with differential value checks
  ---
  duration_ms: 124.049263
  type: 'test'
  ...
# Subtest: lazy branches, boolean short circuits and defaults preserve failure boundaries
ok 34 - lazy branches, boolean short circuits and defaults preserve failure boundaries
  ---
  duration_ms: 10.733858
  type: 'test'
  ...
# Subtest: nested iteration preserves source scope and variable shadowing
ok 35 - nested iteration preserves source scope and variable shadowing
  ---
  duration_ms: 4.839514
  type: 'test'
  ...
# Subtest: categorical fusion is compact and preserves equality and fallback behavior
ok 36 - categorical fusion is compact and preserves equality and fallback behavior
  ---
  duration_ms: 7.120076
  type: 'test'
  ...
# Subtest: compiled iteration and branches respect budgets and reject malformed values
ok 37 - compiled iteration and branches respect budgets and reject malformed values
  ---
  duration_ms: 8.11058
  type: 'test'
  ...
# Subtest: the active library cannot execute expression objects or install the retired opcode
ok 38 - the active library cannot execute expression objects or install the retired opcode
  ---
  duration_ms: 828.671114
  type: 'test'
  ...
# Subtest: construction induction preserves expression-shaped constants as inert semantic data
ok 39 - construction induction preserves expression-shaped constants as inert semantic data
  ---
  duration_ms: 1216.695041
  type: 'test'
  ...
# Subtest: a replay receipt cannot certify a reordered executable record or an obsolete fragment
ok 40 - a replay receipt cannot certify a reordered executable record or an obsolete fragment
  ---
  duration_ms: 4877.777956
  type: 'test'
  ...
# Subtest: chart composition preserves values that later circuits can distinguish
ok 41 - chart composition preserves values that later circuits can distinguish
  ---
  duration_ms: 743.842718
  type: 'test'
  ...
# Subtest: execution identity preserves observable property order and signed zero
ok 42 - execution identity preserves observable property order and signed zero
  ---
  duration_ms: 10.013434
  type: 'test'
  ...
# Subtest: literal execution order changes program and pack identities
ok 43 - literal execution order changes program and pack identities
  ---
  duration_ms: 6.510771
  type: 'test'
  ...
# Subtest: canonical circuit encoding is stable across equivalent record orders
ok 44 - canonical circuit encoding is stable across equivalent record orders
  ---
  duration_ms: 1.464384
  type: 'test'
  ...
# Subtest: installed model and executable registries cannot change under their identities
ok 45 - installed model and executable registries cannot change under their identities
  ---
  duration_ms: 676.809869
  type: 'test'
  ...
# Subtest: fresh processes bind actual native code and reject snapshots after a host revision
ok 46 - fresh processes bind actual native code and reject snapshots after a host revision
  ---
  duration_ms: 3074.990338
  type: 'test'
  ...
# Subtest: a source edit cannot relabel already loaded modules as a fresh model
ok 47 - a source edit cannot relabel already loaded modules as a fresh model
  ---
  duration_ms: 1529.696435
  type: 'test'
  ...
# Subtest: the sealed loader profile rejects new dynamic or multiline imports
ok 48 - the sealed loader profile rejects new dynamic or multiline imports
  ---
  duration_ms: 88.041352
  type: 'test'
  ...
# Subtest: HTTP workbench serves the module UI and executes all natural-language tasks
ok 49 - HTTP workbench serves the module UI and executes all natural-language tasks
  ---
  duration_ms: 3231.562239
  type: 'test'
  ...
# Subtest: CLI text, SOP, summary and completion flags behave correctly
ok 50 - CLI text, SOP, summary and completion flags behave correctly
  ---
  duration_ms: 3830.746062
  type: 'test'
  ...
# Subtest: unparsed questions do not taint persistent state or hide behind an earlier answer
ok 51 - unparsed questions do not taint persistent state or hide behind an earlier answer
  ---
  duration_ms: 1322.559946
  type: 'test'
  ...
# Subtest: long derivations verify through a DAG even when the display tree is truncated
ok 52 - long derivations verify through a DAG even when the display tree is truncated
  ---
  duration_ms: 2975.672941
  type: 'test'
  ...
# Subtest: guarded iteration preserves typed state, early termination and explicit bounds in cold/warm runs
ok 53 - guarded iteration preserves typed state, early termination and explicit bounds in cold/warm runs
  ---
  duration_ms: 10.672745
  type: 'test'
  ...
# Subtest: termination is not assumed at the bound and attempt cannot swallow resource exhaustion
ok 54 - termination is not assumed at the bound and attempt cannot swallow resource exhaustion
  ---
  duration_ms: 2.812062
  type: 'test'
  ...
# Subtest: iteration admits sequence/string states without task-specific host branches
ok 55 - iteration admits sequence/string states without task-specific host branches
  ---
  duration_ms: 2.379109
  type: 'test'
  ...
# Subtest: iteration compilation rejects inconsistent guard, state, limit and binding contracts
ok 56 - iteration compilation rejects inconsistent guard, state, limit and binding contracts
  ---
  duration_ms: 1.724337
  type: 'test'
  ...
# Subtest: guard dependency contents participate in caller identity and graph printing preserves iteration
ok 57 - guard dependency contents participate in caller identity and graph printing preserves iteration
  ---
  duration_ms: 3.606797
  type: 'test'
  ...
# Subtest: impure guards prevent aggregate caching and immutable records flow between iterations
ok 58 - impure guards prevent aggregate caching and immutable records flow between iterations
  ---
  duration_ms: 0.902433
  type: 'test'
  ...
# Subtest: content identity prevents specialized constant cache collisions
ok 59 - content identity prevents specialized constant cache collisions
  ---
  duration_ms: 3.727485
  type: 'test'
  ...
# Subtest: typed graph rejects forward references, bad arguments and cycles
ok 60 - typed graph rejects forward references, bad arguments and cycles
  ---
  duration_ms: 0.38057
  type: 'test'
  ...
# Subtest: nested circuits compose through typed inputs
ok 61 - nested circuits compose through typed inputs
  ---
  duration_ms: 0.605463
  type: 'test'
  ...
# Subtest: JSON boundary rejects code, non-finite values and prototype pollution
ok 62 - JSON boundary rejects code, non-finite values and prototype pollution
  ---
  duration_ms: 0.198073
  type: 'test'
  ...
# Subtest: node budgets also apply to cache hits
ok 63 - node budgets also apply to cache hits
  ---
  duration_ms: 0.486941
  type: 'test'
  ...
# Subtest: grammar interpreter works with an unrelated alphabet and external semantics
ok 64 - grammar interpreter works with an unrelated alphabet and external semantics
  ---
  duration_ms: 288.378272
  type: 'test'
  ...
# Subtest: unsafe and cross-world Horn rules are rejected
ok 65 - unsafe and cross-world Horn rules are rejected
  ---
  duration_ms: 0.399219
  type: 'test'
  ...
# Subtest: four-valued inference does not use absence as negation or explode on contradictions
ok 66 - four-valued inference does not use absence as negation or explode on contradictions
  ---
  duration_ms: 0.690042
  type: 'test'
  ...
# Subtest: recursive closure terminates on a finite cyclic domain
ok 67 - recursive closure terminates on a finite cyclic domain
  ---
  duration_ms: 0.379732
  type: 'test'
  ...
# Subtest: exact arithmetic has precedence, parentheses, unary signs and no code execution
ok 68 - exact arithmetic has precedence, parentheses, unary signs and no code execution
  ---
  duration_ms: 1.011038
  type: 'test'
  ...
# Subtest: finite planner optimizes cost and has independently replayable witnesses
ok 69 - finite planner optimizes cost and has independently replayable witnesses
  ---
  duration_ms: 699.256284
  type: 'test'
  ...
# Subtest: persistent theory and text have one circuit authority with explicit authored provenance
ok 70 - persistent theory and text have one circuit authority with explicit authored provenance
  ---
  duration_ms: 758.783739
  type: 'test'
  ...
# Subtest: theory ablation removes entailment and reinstalling restores it without host changes
ok 71 - theory ablation removes entailment and reinstalling restores it without host changes
  ---
  duration_ms: 2457.453278
  type: 'test'
  ...
# Subtest: compiled theory transfers across bindings and supplied rule chains with checked evidence
ok 72 - compiled theory transfers across bindings and supplied rule chains with checked evidence
  ---
  duration_ms: 2972.448392
  type: 'test'
  ...
# Subtest: theory validates at both compilation and execution, including raw constructor proposals
ok 73 - theory validates at both compilation and execution, including raw constructor proposals
  ---
  duration_ms: 1059.020818
  type: 'test'
  ...
# Subtest: text configuration is reused by tasks and changes through circuit replacement
ok 74 - text configuration is reused by tasks and changes through circuit replacement
  ---
  duration_ms: 1280.342983
  type: 'test'
  ...
# Subtest: expression induction learns role order and transfers to new multiword bindings
ok 75 - expression induction learns role order and transfers to new multiword bindings
  ---
  duration_ms: 9.713252
  type: 'test'
  ...
# Subtest: ambiguous binding alignments require more evidence
ok 76 - ambiguous binding alignments require more evidence
  ---
  duration_ms: 0.479887
  type: 'test'
  ...
# Subtest: constant expression memory is distinguished from slot induction
ok 77 - constant expression memory is distinguished from slot induction
  ---
  duration_ms: 0.402362
  type: 'test'
  ...
# Subtest: decision-tree induction uses supplied features rather than host task names
ok 78 - decision-tree induction uses supplied features rather than host task names
  ---
  duration_ms: 7.872766
  type: 'test'
  ...
# Subtest: conditionals and defaults evaluate only the selected expression
ok 79 - conditionals and defaults evaluate only the selected expression
  ---
  duration_ms: 7.411179
  type: 'test'
  ...
# Subtest: map and choice cache identities include their control dependencies
ok 80 - map and choice cache identities include their control dependencies
  ---
  duration_ms: 1.94008
  type: 'test'
  ...
# Subtest: branch circuits must expose matching contracts
ok 81 - branch circuits must expose matching contracts
  ---
  duration_ms: 0.666295
  type: 'test'
  ...
# Subtest: active realization is reproducibly learned circuit execution, with authored adapters disclosed
ok 82 - active realization is reproducibly learned circuit execution, with authored adapters disclosed
  ---
  duration_ms: 1063.651923
  type: 'test'
  ...
# Subtest: the vision audit does not accept a fabricated learning tag as a derivation
ok 83 - the vision audit does not accept a fabricated learning tag as a derivation
  ---
  duration_ms: 4406.64585
  type: 'test'
  ...
# Subtest: rendering circuits respect optional polarity and context in the shared atom contract
ok 84 - rendering circuits respect optional polarity and context in the shared atom contract
  ---
  duration_ms: 556.272417
  type: 'test'
  ...
# Subtest: generic Unicode primitives expose explicit operations, validate requests and charge work
ok 85 - generic Unicode primitives expose explicit operations, validate requests and charge work
  ---
  duration_ms: 6.842523
  type: 'test'
  ...
# Subtest: restricted character membership agrees with independent finite-string predicates
ok 86 - restricted character membership agrees with independent finite-string predicates
  ---
  duration_ms: 121.378213
  type: 'test'
  ...
# Subtest: SOP terminal policy preserves lookup alternatives, class exclusion, case choices and source spans
ok 87 - SOP terminal policy preserves lookup alternatives, class exclusion, case choices and source spans
  ---
  duration_ms: 216.268233
  type: 'test'
  ...
# Subtest: a synthesized normalization composition transfers and affects parsing without native changes
ok 88 - a synthesized normalization composition transfers and affects parsing without native changes
  ---
  duration_ms: 2282.310581
  type: 'test'
  ...
# Subtest: lexical callbacks are explicit, pure and typed; invalid token evidence is rejected
ok 89 - lexical callbacks are explicit, pure and typed; invalid token evidence is rejected
  ---
  duration_ms: 115.106721
  type: 'test'
  ...
# Subtest: lexical audit requires matching source and training evidence and keeps authored policy unverified
ok 90 - lexical audit requires matching source and training evidence and keeps authored policy unverified
  ---
  duration_ms: 4578.887226
  type: 'test'
  ...
# Subtest: class-chain
ok 91 - class-chain
  ---
  duration_ms: 343.256671
  type: 'test'
  ...
# Subtest: open-world
ok 92 - open-world
  ---
  duration_ms: 161.029728
  type: 'test'
  ...
# Subtest: explicit-negative
ok 93 - explicit-negative
  ---
  duration_ms: 289.309759
  type: 'test'
  ...
# Subtest: conflict
ok 94 - conflict
  ---
  duration_ms: 314.125437
  type: 'test'
  ...
# Subtest: no-explosion
ok 95 - no-explosion
  ---
  duration_ms: 312.545394
  type: 'test'
  ...
# Subtest: negative-rule
ok 96 - negative-rule
  ---
  duration_ms: 382.199217
  type: 'test'
  ...
# Subtest: relative-existential
ok 97 - relative-existential
  ---
  duration_ms: 451.027573
  type: 'test'
  ...
# Subtest: binding-separation
ok 98 - binding-separation
  ---
  duration_ms: 442.308876
  type: 'test'
  ...
# Subtest: belief-isolation
ok 99 - belief-isolation
  ---
  duration_ms: 251.005851
  type: 'test'
  ...
# Subtest: belief-query
ok 100 - belief-query
  ---
  duration_ms: 303.257551
  type: 'test'
  ...
# Subtest: ground-relation
ok 101 - ground-relation
  ---
  duration_ms: 228.16371
  type: 'test'
  ...
# Subtest: role-reversal
ok 102 - role-reversal
  ---
  duration_ms: 229.456141
  type: 'test'
  ...
# Subtest: negative-relation
ok 103 - negative-relation
  ---
  duration_ms: 232.494003
  type: 'test'
  ...
# Subtest: wh-subject
ok 104 - wh-subject
  ---
  duration_ms: 333.88858
  type: 'test'
  ...
# Subtest: wh-object
ok 105 - wh-object
  ---
  duration_ms: 234.547228
  type: 'test'
  ...
# Subtest: location
ok 106 - location
  ---
  duration_ms: 293.581316
  type: 'test'
  ...
# Subtest: relative-direction
ok 107 - relative-direction
  ---
  duration_ms: 359.515266
  type: 'test'
  ...
# Subtest: inverse-direction
ok 108 - inverse-direction
  ---
  duration_ms: 275.83438
  type: 'test'
  ...
# Subtest: inventory-dependency
ok 109 - inventory-dependency
  ---
  duration_ms: 334.309171
  type: 'test'
  ...
# Subtest: recipient-unknown
ok 110 - recipient-unknown
  ---
  duration_ms: 323.043604
  type: 'test'
  ...
# Subtest: no-stale-inventory
ok 111 - no-stale-inventory
  ---
  duration_ms: 308.092317
  type: 'test'
  ...
# Subtest: decimal-inventory
ok 112 - decimal-inventory
  ---
  duration_ms: 302.528328
  type: 'test'
  ...
# Subtest: arithmetic-precedence
ok 113 - arithmetic-precedence
  ---
  duration_ms: 173.16993
  type: 'test'
  ...
# Subtest: arithmetic-exact
ok 114 - arithmetic-exact
  ---
  duration_ms: 137.347731
  type: 'test'
  ...
# Subtest: unsafe-scope-abstention
ok 115 - unsafe-scope-abstention
  ---
  duration_ms: 281.784318
  type: 'test'
  ...
# Subtest: source-summary
ok 116 - source-summary
  ---
  duration_ms: 34.708354
  type: 'test'
  ...
# Subtest: context-completion
ok 117 - context-completion
  ---
  duration_ms: 81.53526
  type: 'test'
  ...
# Subtest: untrained-completion
ok 118 - untrained-completion
  ---
  duration_ms: 90.202274
  type: 'test'
  ...
# Subtest: join-three-variables
ok 119 - join-three-variables
  ---
  duration_ms: 426.73264
  type: 'test'
  ...
# Subtest: shared-variable-guard
ok 120 - shared-variable-guard
  ---
  duration_ms: 455.920238
  type: 'test'
  ...
# Subtest: shared-variable-success
ok 121 - shared-variable-success
  ---
  duration_ms: 657.041487
  type: 'test'
  ...
# Subtest: relative-plus-chain
ok 122 - relative-plus-chain
  ---
  duration_ms: 535.429232
  type: 'test'
  ...
# Subtest: relative-negative-body
ok 123 - relative-negative-body
  ---
  duration_ms: 502.857565
  type: 'test'
  ...
# Subtest: two-conclusions
ok 124 - two-conclusions
  ---
  duration_ms: 509.241572
  type: 'test'
  ...
# Subtest: recursive-join
ok 125 - recursive-join
  ---
  duration_ms: 521.892322
  type: 'test'
  ...
# Subtest: typed-wh
ok 126 - typed-wh
  ---
  duration_ms: 411.28673
  type: 'test'
  ...
# Subtest: fresh-domain
ok 127 - fresh-domain
  ---
  duration_ms: 448.896893
  type: 'test'
  ...
# Subtest: negative-derived-conflict
ok 128 - negative-derived-conflict
  ---
  duration_ms: 401.51942
  type: 'test'
  ...
# Subtest: dependency-locality
ok 129 - dependency-locality
  ---
  duration_ms: 418.450457
  type: 'test'
  ...
# Subtest: multiple-events
ok 130 - multiple-events
  ---
  duration_ms: 538.560892
  type: 'test'
  ...
# Subtest: session state is isolated, serializable and model-bound
ok 131 - session state is isolated, serializable and model-bound
  ---
  duration_ms: 513.513618
  type: 'test'
  ...
# Subtest: failed execution rolls back all statements from that request
ok 132 - failed execution rolls back all statements from that request
  ---
  duration_ms: 50.786547
  type: 'test'
  ...
# Subtest: questions observe state at their narrative position
ok 133 - questions observe state at their narrative position
  ---
  duration_ms: 436.120636
  type: 'test'
  ...
# Subtest: cold, warm and disabled caches preserve semantics
ok 134 - cold, warm and disabled caches preserve semantics
  ---
  duration_ms: 1151.384992
  type: 'test'
  ...
# Subtest: proof verifier rejects a forged conclusion and damaged evidence
ok 135 - proof verifier rejects a forged conclusion and damaged evidence
  ---
  duration_ms: 297.008549
  type: 'test'
  ...
# Subtest: induction learns a compositional construction and transfers beyond its examples
ok 136 - induction learns a compositional construction and transfers beyond its examples
  ---
  duration_ms: 2676.757279
  type: 'test'
  ...
# Subtest: induction refuses unsupported alignments and duplicate examples
ok 137 - induction refuses unsupported alignments and duplicate examples
  ---
  duration_ms: 2.642205
  type: 'test'
  ...
# Subtest: corpus-only learning expands completions without editing the runtime
ok 138 - corpus-only learning expands completions without editing the runtime
  ---
  duration_ms: 842.061634
  type: 'test'
  ...
# Subtest: model resources and committed snapshots cannot silently mutate beneath cache identities
ok 139 - model resources and committed snapshots cannot silently mutate beneath cache identities
  ---
  duration_ms: 155.773673
  type: 'test'
  ...
# Subtest: an impossible transfer cannot certify the recipient inventory
ok 140 - an impossible transfer cannot certify the recipient inventory
  ---
  duration_ms: 400.357243
  type: 'test'
  ...
# Subtest: existential answers realize the supported witness instead of an unbound variable
ok 141 - existential answers realize the supported witness instead of an unbound variable
  ---
  duration_ms: 251.377343
  type: 'test'
  ...
# Subtest: phrase compilation preserves exact values, prefixes and ambiguity under the parent lexical policy
ok 142 - phrase compilation preserves exact values, prefixes and ambiguity under the parent lexical policy
  ---
  duration_ms: 1232.567897
  type: 'test'
  ...
# Subtest: shared lexical prefixes compose in new structures and reduce flat recognition work
ok 143 - shared lexical prefixes compose in new structures and reduce flat recognition work
  ---
  duration_ms: 3582.735398
  type: 'test'
  ...
# Subtest: phrase compilation requires supplied tokenization and inert lexical meanings
ok 144 - phrase compilation requires supplied tokenization and inert lexical meanings
  ---
  duration_ms: 0.456559
  type: 'test'
  ...
# Subtest: SOP planning agrees with the historical search and an independent exhaustive cost oracle
ok 145 - SOP planning agrees with the historical search and an independent exhaustive cost oracle
  ---
  duration_ms: 1515.645975
  type: 'test'
  ...
# Subtest: priority, ties, zero cycles, deletion, precondition conjunctions and signed scopes compose
ok 146 - priority, ties, zero cycles, deletion, precondition conjunctions and signed scopes compose
  ---
  duration_ms: 764.221382
  type: 'test'
  ...
# Subtest: invalid declarations and resource exhaustion cannot become a completed planning result
ok 147 - invalid declarations and resource exhaustion cannot become a completed planning result
  ---
  duration_ms: 668.072174
  type: 'test'
  ...
# Subtest: formal witness replay rejects forgery independently of the search policy
ok 148 - formal witness replay rejects forgery independently of the search policy
  ---
  duration_ms: 1105.621924
  type: 'test'
  ...
# Subtest: learned coverage is reused for planning, ablation loses capability and restoration recovers it
ok 149 - learned coverage is reused for planning, ablation loses capability and restoration recovers it
  ---
  duration_ms: 2223.934758
  type: 'test'
  ...
# Subtest: planning derivations bind deployed source and teacher evidence without relabeling authored policy
ok 150 - planning derivations bind deployed source and teacher evidence without relabeling authored policy
  ---
  duration_ms: 6761.801211
  type: 'test'
  ...
# Subtest: typed program synthesis finds a reusable composition and reproduces it exactly
ok 151 - typed program synthesis finds a reusable composition and reproduces it exactly
  ---
  duration_ms: 1322.738672
  type: 'test'
  ...
# Subtest: a learned procedure can be a typed library member in a separately synthesized procedure
ok 152 - a learned procedure can be a typed library member in a separately synthesized procedure
  ---
  duration_ms: 1830.525428
  type: 'test'
  ...
# Subtest: the same learner discovers numeric and text compositions from other typed libraries
ok 153 - the same learner discovers numeric and text compositions from other typed libraries
  ---
  duration_ms: 1647.052638
  type: 'test'
  ...
# Subtest: training fit is insufficient: independent gates reject an underspecified hypothesis
ok 154 - training fit is insufficient: independent gates reject an underspecified hypothesis
  ---
  duration_ms: 1189.017225
  type: 'test'
  ...
# Subtest: failed or bounded searches produce no executable candidate and never imply impossibility
ok 155 - failed or bounded searches produce no executable candidate and never imply impossibility
  ---
  duration_ms: 580.865577
  type: 'test'
  ...
# Subtest: constant memory is labeled and reference-shaped records cannot become executable wires
ok 156 - constant memory is labeled and reference-shaped records cannot become executable wires
  ---
  duration_ms: 751.656189
  type: 'test'
  ...
# Subtest: program learning uses guarded promotion, detects repeated gate inputs, reloads and rolls back
ok 157 - program learning uses guarded promotion, detects repeated gate inputs, reloads and rolls back
  ---
  duration_ms: 4945.419691
  type: 'test'
  ...
# Subtest: the CLI can synthesize a self-contained method pack without changing the active registry
ok 158 - the CLI can synthesize a self-contained method pack without changing the active registry
  ---
  duration_ms: 1506.293878
  type: 'test'
  ...
# Subtest: the learning audit reproduces method provenance and rejects changed programs or missing derivations
ok 159 - the learning audit reproduces method provenance and rejects changed programs or missing derivations
  ---
  duration_ms: 8357.118773
  type: 'test'
  ...
