TAP version 13
# Subtest: SOP data uses the executable constructor syntax and preserves all inert values
ok 1 - SOP data uses the executable constructor syntax and preserves all inert values
  ---
  duration_ms: 18.376289
  type: 'test'
  ...
# Subtest: source modules remain readable and inert, including apparent delimiters inside their bodies
ok 2 - source modules remain readable and inert, including apparent delimiters inside their bodies
  ---
  duration_ms: 1.43533
  type: 'test'
  ...
# Subtest: data boundaries reject JSON, executable operations, malformed SSA and expansion attacks
ok 3 - data boundaries reject JSON, executable operations, malformed SSA and expansion attacks
  ---
  duration_ms: 0.799835
  type: 'test'
  ...
# Subtest: SOP compilation rejects metadata bypasses and enforces SSA and typed bindings
ok 4 - SOP compilation rejects metadata bypasses and enforces SSA and typed bindings
  ---
  duration_ms: 2.100578
  type: 'test'
  ...
# Subtest: graph-to-source migration preserves constants, iteration roles, branch laziness and failure
ok 5 - graph-to-source migration preserves constants, iteration roles, branch laziness and failure
  ---
  duration_ms: 4.235379
  type: 'test'
  ...
# Subtest: the installed model and all owned data artifacts have SOP as their persistent format
ok 6 - the installed model and all owned data artifacts have SOP as their persistent format
  ---
  duration_ms: 308.625004
  type: 'test'
  ...
1..6
# tests 6
# suites 0
# pass 6
# fail 0
# cancelled 0
# skipped 0
# todo 0
# duration_ms 422.457548
