
> sxlm@0.1.0 test
> node --test --test-reporter=tap test/*.test.mjs

TAP version 13
# Subtest: completion executes SOP and preserves the historical source and frequency contracts
ok 1 - completion executes SOP and preserves the historical source and frequency contracts
  ---
  duration_ms: 410.268736
  type: 'test'
  ...
# Subtest: source evidence preserves UTF-16 offsets, ties and alternative order
ok 2 - source evidence preserves UTF-16 offsets, ties and alternative order
  ---
  duration_ms: 1290.804634
  type: 'test'
  ...
# Subtest: independent sequence providers add observed counts without native retraining
ok 3 - independent sequence providers add observed counts without native retraining
  ---
  duration_ms: 1232.941569
  type: 'test'
  ...
# Subtest: learned circuits alone carry source and sequence competence; ablation removes both
ok 4 - learned circuits alone carry source and sequence competence; ablation removes both
  ---
  duration_ms: 3339.220944
  type: 'test'
  ...
# Subtest: compiled observation pages support unrelated nested values and arbitrary safe field names
ok 5 - compiled observation pages support unrelated nested values and arbitrary safe field names
  ---
  duration_ms: 675.312656
  type: 'test'
  ...
# Subtest: finite-function learning rejects conflicts and lazily retrieves exact observed values
ok 6 - finite-function learning rejects conflicts and lazily retrieves exact observed values
  ---
  duration_ms: 324.730498
  type: 'test'
  ...
# Subtest: provider linking preserves order, hashes dependencies and checks contracts and size
ok 7 - provider linking preserves order, hashes dependencies and checks contracts and size
  ---
  duration_ms: 16.979166
  type: 'test'
  ...
# Subtest: sequence find preserves a matching null value instead of replacing it with a fallback
ok 8 - sequence find preserves a matching null value instead of replacing it with a fallback
  ---
  duration_ms: 6.110438
  type: 'test'
  ...
# Subtest: a sequence learning tag cannot certify changed SOP, wiring or missing training evidence
ok 9 - a sequence learning tag cannot certify changed SOP, wiring or missing training evidence
  ---
  duration_ms: 13717.819645
  type: 'test'
  ...
# Subtest: sequence candidates pass the offline CLI learning and promotion loop with parent checks
ok 10 - sequence candidates pass the offline CLI learning and promotion loop with parent checks
  ---
  duration_ms: 43012.773364
  type: 'test'
  ...
# Subtest: generic collection contracts validate singleton collation and explicit slice bounds
ok 11 - generic collection contracts validate singleton collation and explicit slice bounds
  ---
  duration_ms: 1.574107
  type: 'test'
  ...
# Subtest: SOP document policy preserves historical interpretation, scopes, source spans and coverage
ok 12 - SOP document policy preserves historical interpretation, scopes, source spans and coverage
  ---
  duration_ms: 2329.234893
  type: 'test'
  ...
# Subtest: unparsed, ambiguous and invalid semantic results become explicit SOP gaps
ok 13 - unparsed, ambiguous and invalid semantic results become explicit SOP gaps
  ---
  duration_ms: 2513.145322
  type: 'test'
  ...
# Subtest: grammar proposals execute as circuit knowledge and removal of wiring removes their competence
ok 14 - grammar proposals execute as circuit knowledge and removal of wiring removes their competence
  ---
  duration_ms: 7941.777455
  type: 'test'
  ...
# Subtest: changing document interpretation policy changes SOP content, not the host implementation
ok 15 - changing document interpretation policy changes SOP content, not the host implementation
  ---
  duration_ms: 1023.996707
  type: 'test'
  ...
# Subtest: attempt is typed, dependency-bound and does not convert resource exhaustion to ordinary failure
ok 16 - attempt is typed, dependency-bound and does not convert resource exhaustion to ordinary failure
  ---
  duration_ms: 3.457057
  type: 'test'
  ...
# Subtest: runtime inspection cannot mutate programs, primitive contracts or cached answers
ok 17 - runtime inspection cannot mutate programs, primitive contracts or cached answers
  ---
  duration_ms: 2.065309
  type: 'test'
  ...
# Subtest: grammar indexes are immutable views with normalized and collision-free lexical identity
ok 18 - grammar indexes are immutable views with normalized and collision-free lexical identity
  ---
  duration_ms: 2.768132
  type: 'test'
  ...
# Subtest: prototype-like text remains in source evidence without unsafe label keys
ok 19 - prototype-like text remains in source evidence without unsafe label keys
  ---
  duration_ms: 288.443134
  type: 'test'
  ...
# Subtest: all retired operator families lower to one graph VM with differential value checks
ok 20 - all retired operator families lower to one graph VM with differential value checks
  ---
  duration_ms: 396.098979
  type: 'test'
  ...
# Subtest: lazy branches, boolean short circuits and defaults preserve failure boundaries
ok 21 - lazy branches, boolean short circuits and defaults preserve failure boundaries
  ---
  duration_ms: 34.999192
  type: 'test'
  ...
# Subtest: nested iteration preserves source scope and variable shadowing
ok 22 - nested iteration preserves source scope and variable shadowing
  ---
  duration_ms: 16.323765
  type: 'test'
  ...
# Subtest: categorical fusion is compact and preserves equality and fallback behavior
ok 23 - categorical fusion is compact and preserves equality and fallback behavior
  ---
  duration_ms: 15.249519
  type: 'test'
  ...
# Subtest: compiled iteration and branches respect budgets and reject malformed values
ok 24 - compiled iteration and branches respect budgets and reject malformed values
  ---
  duration_ms: 20.554046
  type: 'test'
  ...
# Subtest: the active library cannot execute expression objects or install the retired opcode
ok 25 - the active library cannot execute expression objects or install the retired opcode
  ---
  duration_ms: 1942.909793
  type: 'test'
  ...
# Subtest: construction induction preserves expression-shaped constants as inert semantic data
ok 26 - construction induction preserves expression-shaped constants as inert semantic data
  ---
  duration_ms: 2461.866505
  type: 'test'
  ...
# Subtest: a replay receipt cannot certify a reordered executable record or an obsolete fragment
ok 27 - a replay receipt cannot certify a reordered executable record or an obsolete fragment
  ---
  duration_ms: 11026.954511
  type: 'test'
  ...
# Subtest: chart composition preserves values that later circuits can distinguish
ok 28 - chart composition preserves values that later circuits can distinguish
  ---
  duration_ms: 5.264228
  type: 'test'
  ...
# Subtest: execution identity preserves observable property order and signed zero
ok 29 - execution identity preserves observable property order and signed zero
  ---
  duration_ms: 17.344511
  type: 'test'
  ...
# Subtest: literal execution order changes program and pack identities
ok 30 - literal execution order changes program and pack identities
  ---
  duration_ms: 14.360217
  type: 'test'
  ...
# Subtest: canonical circuit encoding is stable across equivalent record orders
ok 31 - canonical circuit encoding is stable across equivalent record orders
  ---
  duration_ms: 2.97256
  type: 'test'
  ...
# Subtest: installed model and executable registries cannot change under their identities
ok 32 - installed model and executable registries cannot change under their identities
  ---
  duration_ms: 1959.796836
  type: 'test'
  ...
# Subtest: fresh processes bind actual native code and reject snapshots after a host revision
ok 33 - fresh processes bind actual native code and reject snapshots after a host revision
  ---
  duration_ms: 6547.137211
  type: 'test'
  ...
# Subtest: a source edit cannot relabel already loaded modules as a fresh model
ok 34 - a source edit cannot relabel already loaded modules as a fresh model
  ---
  duration_ms: 4159.638219
  type: 'test'
  ...
# Subtest: the sealed loader profile rejects new dynamic or multiline imports
ok 35 - the sealed loader profile rejects new dynamic or multiline imports
  ---
  duration_ms: 205.909234
  type: 'test'
  ...
# Subtest: HTTP workbench serves the module UI and executes all natural-language tasks
ok 36 - HTTP workbench serves the module UI and executes all natural-language tasks
  ---
  duration_ms: 6704.635287
  type: 'test'
  ...
# Subtest: CLI text, SOP, summary and completion flags behave correctly
ok 37 - CLI text, SOP, summary and completion flags behave correctly
  ---
  duration_ms: 9053.289008
  type: 'test'
  ...
# Subtest: unparsed questions do not taint persistent state or hide behind an earlier answer
ok 38 - unparsed questions do not taint persistent state or hide behind an earlier answer
  ---
  duration_ms: 1806.709655
  type: 'test'
  ...
# Subtest: long derivations verify through a DAG even when the display tree is truncated
ok 39 - long derivations verify through a DAG even when the display tree is truncated
  ---
  duration_ms: 2166.22919
  type: 'test'
  ...
# Subtest: content identity prevents specialized constant cache collisions
ok 40 - content identity prevents specialized constant cache collisions
  ---
  duration_ms: 12.165142
  type: 'test'
  ...
# Subtest: typed graph rejects forward references, bad arguments and cycles
ok 41 - typed graph rejects forward references, bad arguments and cycles
  ---
  duration_ms: 1.647371
  type: 'test'
  ...
# Subtest: nested circuits compose through typed inputs
ok 42 - nested circuits compose through typed inputs
  ---
  duration_ms: 2.502381
  type: 'test'
  ...
# Subtest: JSON boundary rejects code, non-finite values and prototype pollution
ok 43 - JSON boundary rejects code, non-finite values and prototype pollution
  ---
  duration_ms: 0.465778
  type: 'test'
  ...
# Subtest: node budgets also apply to cache hits
ok 44 - node budgets also apply to cache hits
  ---
  duration_ms: 1.21847
  type: 'test'
  ...
# Subtest: grammar interpreter works with an unrelated alphabet and external semantics
ok 45 - grammar interpreter works with an unrelated alphabet and external semantics
  ---
  duration_ms: 9.800069
  type: 'test'
  ...
# Subtest: unsafe and cross-world Horn rules are rejected
ok 46 - unsafe and cross-world Horn rules are rejected
  ---
  duration_ms: 0.610701
  type: 'test'
  ...
# Subtest: four-valued inference does not use absence as negation or explode on contradictions
ok 47 - four-valued inference does not use absence as negation or explode on contradictions
  ---
  duration_ms: 1.366466
  type: 'test'
  ...
# Subtest: recursive closure terminates on a finite cyclic domain
ok 48 - recursive closure terminates on a finite cyclic domain
  ---
  duration_ms: 1.463267
  type: 'test'
  ...
# Subtest: exact arithmetic has precedence, parentheses, unary signs and no code execution
ok 49 - exact arithmetic has precedence, parentheses, unary signs and no code execution
  ---
  duration_ms: 1.394263
  type: 'test'
  ...
# Subtest: finite planner optimizes cost and has independently replayable witnesses
ok 50 - finite planner optimizes cost and has independently replayable witnesses
  ---
  duration_ms: 2.535557
  type: 'test'
  ...
# Subtest: persistent theory and text have one circuit authority with explicit authored provenance
ok 51 - persistent theory and text have one circuit authority with explicit authored provenance
  ---
  duration_ms: 2006.983729
  type: 'test'
  ...
# Subtest: theory ablation removes entailment and reinstalling restores it without host changes
ok 52 - theory ablation removes entailment and reinstalling restores it without host changes
  ---
  duration_ms: 4701.502526
  type: 'test'
  ...
# Subtest: compiled theory transfers across bindings and supplied rule chains with checked evidence
ok 53 - compiled theory transfers across bindings and supplied rule chains with checked evidence
  ---
  duration_ms: 4748.009503
  type: 'test'
  ...
# Subtest: theory validates at both compilation and execution, including raw constructor proposals
ok 54 - theory validates at both compilation and execution, including raw constructor proposals
  ---
  duration_ms: 2507.099768
  type: 'test'
  ...
# Subtest: text configuration is reused by tasks and changes through circuit replacement
ok 55 - text configuration is reused by tasks and changes through circuit replacement
  ---
  duration_ms: 2772.8067
  type: 'test'
  ...
# Subtest: expression induction learns role order and transfers to new multiword bindings
ok 56 - expression induction learns role order and transfers to new multiword bindings
  ---
  duration_ms: 27.148003
  type: 'test'
  ...
# Subtest: ambiguous binding alignments require more evidence
ok 57 - ambiguous binding alignments require more evidence
  ---
  duration_ms: 1.943573
  type: 'test'
  ...
# Subtest: constant expression memory is distinguished from slot induction
ok 58 - constant expression memory is distinguished from slot induction
  ---
  duration_ms: 1.197447
  type: 'test'
  ...
# Subtest: decision-tree induction uses supplied features rather than host task names
ok 59 - decision-tree induction uses supplied features rather than host task names
  ---
  duration_ms: 28.882328
  type: 'test'
  ...
# Subtest: conditionals and defaults evaluate only the selected expression
ok 60 - conditionals and defaults evaluate only the selected expression
  ---
  duration_ms: 26.386651
  type: 'test'
  ...
# Subtest: map and choice cache identities include their control dependencies
ok 61 - map and choice cache identities include their control dependencies
  ---
  duration_ms: 5.305365
  type: 'test'
  ...
# Subtest: branch circuits must expose matching contracts
ok 62 - branch circuits must expose matching contracts
  ---
  duration_ms: 1.795508
  type: 'test'
  ...
# Subtest: active realization is reproducibly learned circuit execution, with authored adapters disclosed
ok 63 - active realization is reproducibly learned circuit execution, with authored adapters disclosed
  ---
  duration_ms: 2677.709837
  type: 'test'
  ...
# Subtest: the vision audit does not accept a fabricated learning tag as a derivation
ok 64 - the vision audit does not accept a fabricated learning tag as a derivation
  ---
  duration_ms: 9545.123001
  type: 'test'
  ...
# Subtest: rendering circuits respect optional polarity and context in the shared atom contract
ok 65 - rendering circuits respect optional polarity and context in the shared atom contract
  ---
  duration_ms: 1693.759828
  type: 'test'
  ...
# Subtest: class-chain
ok 66 - class-chain
  ---
  duration_ms: 442.900692
  type: 'test'
  ...
# Subtest: open-world
ok 67 - open-world
  ---
  duration_ms: 229.193209
  type: 'test'
  ...
# Subtest: explicit-negative
ok 68 - explicit-negative
  ---
  duration_ms: 382.2491
  type: 'test'
  ...
# Subtest: conflict
ok 69 - conflict
  ---
  duration_ms: 380.806297
  type: 'test'
  ...
# Subtest: no-explosion
ok 70 - no-explosion
  ---
  duration_ms: 411.776144
  type: 'test'
  ...
# Subtest: negative-rule
ok 71 - negative-rule
  ---
  duration_ms: 379.400371
  type: 'test'
  ...
# Subtest: relative-existential
ok 72 - relative-existential
  ---
  duration_ms: 599.943324
  type: 'test'
  ...
# Subtest: binding-separation
ok 73 - binding-separation
  ---
  duration_ms: 725.751268
  type: 'test'
  ...
# Subtest: belief-isolation
ok 74 - belief-isolation
  ---
  duration_ms: 351.97216
  type: 'test'
  ...
# Subtest: belief-query
ok 75 - belief-query
  ---
  duration_ms: 340.505861
  type: 'test'
  ...
# Subtest: ground-relation
ok 76 - ground-relation
  ---
  duration_ms: 265.422604
  type: 'test'
  ...
# Subtest: role-reversal
ok 77 - role-reversal
  ---
  duration_ms: 296.700176
  type: 'test'
  ...
# Subtest: negative-relation
ok 78 - negative-relation
  ---
  duration_ms: 239.654477
  type: 'test'
  ...
# Subtest: wh-subject
ok 79 - wh-subject
  ---
  duration_ms: 429.25601
  type: 'test'
  ...
# Subtest: wh-object
ok 80 - wh-object
  ---
  duration_ms: 279.736446
  type: 'test'
  ...
# Subtest: location
ok 81 - location
  ---
  duration_ms: 322.191868
  type: 'test'
  ...
# Subtest: relative-direction
ok 82 - relative-direction
  ---
  duration_ms: 399.675677
  type: 'test'
  ...
# Subtest: inverse-direction
ok 83 - inverse-direction
  ---
  duration_ms: 456.108579
  type: 'test'
  ...
# Subtest: inventory-dependency
ok 84 - inventory-dependency
  ---
  duration_ms: 433.214884
  type: 'test'
  ...
# Subtest: recipient-unknown
ok 85 - recipient-unknown
  ---
  duration_ms: 375.118197
  type: 'test'
  ...
# Subtest: no-stale-inventory
ok 86 - no-stale-inventory
  ---
  duration_ms: 400.787148
  type: 'test'
  ...
# Subtest: decimal-inventory
ok 87 - decimal-inventory
  ---
  duration_ms: 449.398056
  type: 'test'
  ...
# Subtest: arithmetic-precedence
ok 88 - arithmetic-precedence
  ---
  duration_ms: 278.089494
  type: 'test'
  ...
# Subtest: arithmetic-exact
ok 89 - arithmetic-exact
  ---
  duration_ms: 227.99646
  type: 'test'
  ...
# Subtest: unsafe-scope-abstention
ok 90 - unsafe-scope-abstention
  ---
  duration_ms: 463.778109
  type: 'test'
  ...
# Subtest: source-summary
ok 91 - source-summary
  ---
  duration_ms: 32.071121
  type: 'test'
  ...
# Subtest: context-completion
ok 92 - context-completion
  ---
  duration_ms: 28.594927
  type: 'test'
  ...
# Subtest: untrained-completion
ok 93 - untrained-completion
  ---
  duration_ms: 59.199079
  type: 'test'
  ...
# Subtest: join-three-variables
ok 94 - join-three-variables
  ---
  duration_ms: 639.116086
  type: 'test'
  ...
# Subtest: shared-variable-guard
ok 95 - shared-variable-guard
  ---
  duration_ms: 612.694514
  type: 'test'
  ...
# Subtest: shared-variable-success
ok 96 - shared-variable-success
  ---
  duration_ms: 676.547399
  type: 'test'
  ...
# Subtest: relative-plus-chain
ok 97 - relative-plus-chain
  ---
  duration_ms: 619.442682
  type: 'test'
  ...
# Subtest: relative-negative-body
ok 98 - relative-negative-body
  ---
  duration_ms: 518.686074
  type: 'test'
  ...
# Subtest: two-conclusions
ok 99 - two-conclusions
  ---
  duration_ms: 466.956494
  type: 'test'
  ...
# Subtest: recursive-join
ok 100 - recursive-join
  ---
  duration_ms: 540.490996
  type: 'test'
  ...
# Subtest: typed-wh
ok 101 - typed-wh
  ---
  duration_ms: 375.908043
  type: 'test'
  ...
# Subtest: fresh-domain
ok 102 - fresh-domain
  ---
  duration_ms: 494.617839
  type: 'test'
  ...
# Subtest: negative-derived-conflict
ok 103 - negative-derived-conflict
  ---
  duration_ms: 467.003428
  type: 'test'
  ...
# Subtest: dependency-locality
ok 104 - dependency-locality
  ---
  duration_ms: 313.445231
  type: 'test'
  ...
# Subtest: multiple-events
ok 105 - multiple-events
  ---
  duration_ms: 395.912221
  type: 'test'
  ...
# Subtest: session state is isolated, serializable and model-bound
ok 106 - session state is isolated, serializable and model-bound
  ---
  duration_ms: 539.840066
  type: 'test'
  ...
# Subtest: failed execution rolls back all statements from that request
ok 107 - failed execution rolls back all statements from that request
  ---
  duration_ms: 128.26437
  type: 'test'
  ...
# Subtest: questions observe state at their narrative position
ok 108 - questions observe state at their narrative position
  ---
  duration_ms: 309.794011
  type: 'test'
  ...
# Subtest: cold, warm and disabled caches preserve semantics
ok 109 - cold, warm and disabled caches preserve semantics
  ---
  duration_ms: 1160.853503
  type: 'test'
  ...
# Subtest: proof verifier rejects a forged conclusion and damaged evidence
ok 110 - proof verifier rejects a forged conclusion and damaged evidence
  ---
  duration_ms: 313.491676
  type: 'test'
  ...
# Subtest: induction learns a compositional construction and transfers beyond its examples
ok 111 - induction learns a compositional construction and transfers beyond its examples
  ---
  duration_ms: 2411.90303
  type: 'test'
  ...
# Subtest: induction refuses unsupported alignments and duplicate examples
ok 112 - induction refuses unsupported alignments and duplicate examples
  ---
  duration_ms: 0.773364
  type: 'test'
  ...
# Subtest: corpus-only learning expands completions without editing the runtime
ok 113 - corpus-only learning expands completions without editing the runtime
  ---
  duration_ms: 663.909494
  type: 'test'
  ...
# Subtest: model resources and committed snapshots cannot silently mutate beneath cache identities
ok 114 - model resources and committed snapshots cannot silently mutate beneath cache identities
  ---
  duration_ms: 160.669268
  type: 'test'
  ...
# Subtest: an impossible transfer cannot certify the recipient inventory
ok 115 - an impossible transfer cannot certify the recipient inventory
  ---
  duration_ms: 282.919442
  type: 'test'
  ...
# Subtest: existential answers realize the supported witness instead of an unbound variable
ok 116 - existential answers realize the supported witness instead of an unbound variable
  ---
  duration_ms: 229.366768
  type: 'test'
  ...
# Subtest: typed program synthesis finds a reusable composition and reproduces it exactly
ok 117 - typed program synthesis finds a reusable composition and reproduces it exactly
  ---
  duration_ms: 2819.895743
  type: 'test'
  ...
# Subtest: a learned procedure can be a typed library member in a separately synthesized procedure
ok 118 - a learned procedure can be a typed library member in a separately synthesized procedure
  ---
  duration_ms: 4657.676657
  type: 'test'
  ...
# Subtest: the same learner discovers numeric and text compositions from other typed libraries
ok 119 - the same learner discovers numeric and text compositions from other typed libraries
  ---
  duration_ms: 4322.620385
  type: 'test'
  ...
# Subtest: training fit is insufficient: independent gates reject an underspecified hypothesis
ok 120 - training fit is insufficient: independent gates reject an underspecified hypothesis
  ---
  duration_ms: 1959.288384
  type: 'test'
  ...
# Subtest: failed or bounded searches produce no executable candidate and never imply impossibility
ok 121 - failed or bounded searches produce no executable candidate and never imply impossibility
  ---
  duration_ms: 933.717639
  type: 'test'
  ...
# Subtest: constant memory is labeled and reference-shaped records cannot become executable wires
ok 122 - constant memory is labeled and reference-shaped records cannot become executable wires
  ---
  duration_ms: 952.84788
  type: 'test'
  ...
# Subtest: program learning uses guarded promotion, detects repeated gate inputs, reloads and rolls back
ok 123 - program learning uses guarded promotion, detects repeated gate inputs, reloads and rolls back
  ---
  duration_ms: 5444.10424
  type: 'test'
  ...
# Subtest: the CLI can synthesize a self-contained method pack without changing the active registry
ok 124 - the CLI can synthesize a self-contained method pack without changing the active registry
  ---
  duration_ms: 1799.465815
  type: 'test'
  ...
# Subtest: the learning audit reproduces method provenance and rejects changed programs or missing derivations
ok 125 - the learning audit reproduces method provenance and rejects changed programs or missing derivations
  ---
  duration_ms: 9179.146121
  type: 'test'
  ...
# Subtest: indexed relational closure agrees with exhaustive grounding on recursive and contextual theories
ok 126 - indexed relational closure agrees with exhaustive grounding on recursive and contextual theories
  ---
  duration_ms: 91.402622
  type: 'test'
  ...
# Subtest: relational index identity cannot alias user-supplied predicate and context delimiters
ok 127 - relational index identity cannot alias user-supplied predicate and context delimiters
  ---
  duration_ms: 0.720633
  type: 'test'
  ...
# Subtest: semantic policies execute as circuits and reproduce their declared sources
ok 128 - semantic policies execute as circuits and reproduce their declared sources
  ---
  duration_ms: 467.051341
  type: 'test'
  ...
# Subtest: migration preserves the previous interpreter over temporal, partial and inconsistent event histories
ok 129 - migration preserves the previous interpreter over temporal, partial and inconsistent event histories
  ---
  duration_ms: 2220.034205
  type: 'test'
  ...
# Subtest: independent conservation and context checks cover unseen numeric bindings
ok 130 - independent conservation and context checks cover unseen numeric bindings
  ---
  duration_ms: 655.858626
  type: 'test'
  ...
# Subtest: learning a new event label changes reusable state behavior without native edits
ok 131 - learning a new event label changes reusable state behavior without native edits
  ---
  duration_ms: 1224.880644
  type: 'test'
  ...
# Subtest: fold is ordered, empty-safe, cache-correct, typed and bounded across unrelated domains
ok 132 - fold is ordered, empty-safe, cache-correct, typed and bounded across unrelated domains
  ---
  duration_ms: 6.478158
  type: 'test'
  ...
# Subtest: general term operations reject unsafe records and preserve exact arithmetic and lazy scope
ok 133 - general term operations reject unsafe records and preserve exact arithmetic and lazy scope
  ---
  duration_ms: 11.50143
  type: 'test'
  ...
# Subtest: SOP data uses the executable constructor syntax and preserves all inert values
ok 134 - SOP data uses the executable constructor syntax and preserves all inert values
  ---
  duration_ms: 38.412388
  type: 'test'
  ...
# Subtest: source modules remain readable and inert, including apparent delimiters inside their bodies
ok 135 - source modules remain readable and inert, including apparent delimiters inside their bodies
  ---
  duration_ms: 2.718334
  type: 'test'
  ...
# Subtest: data boundaries reject JSON, executable operations, malformed SSA and expansion attacks
ok 136 - data boundaries reject JSON, executable operations, malformed SSA and expansion attacks
  ---
  duration_ms: 1.429743
  type: 'test'
  ...
# Subtest: SOP compilation rejects metadata bypasses and enforces SSA and typed bindings
ok 137 - SOP compilation rejects metadata bypasses and enforces SSA and typed bindings
  ---
  duration_ms: 3.548411
  type: 'test'
  ...
# Subtest: graph-to-source migration preserves constants, iteration roles, branch laziness and failure
ok 138 - graph-to-source migration preserves constants, iteration roles, branch laziness and failure
  ---
  duration_ms: 14.981464
  type: 'test'
  ...
# Subtest: the installed model and all owned data artifacts have SOP as their persistent format
ok 139 - the installed model and all owned data artifacts have SOP as their persistent format
  ---
  duration_ms: 852.32657
  type: 'test'
  ...
# Subtest: SOP graph compilation supports sharing, forward references and scalar strings as inert data
ok 140 - SOP graph compilation supports sharing, forward references and scalar strings as inert data
  ---
  duration_ms: 12.272349
  type: 'test'
  ...
# Subtest: SOP rejects cycles, unbound wires, executable literals and malformed arguments
ok 141 - SOP rejects cycles, unbound wires, executable literals and malformed arguments
  ---
  duration_ms: 1.245988
  type: 'test'
  ...
# Subtest: SOP branches preserve laziness, typed contracts and dependency content identity
ok 142 - SOP branches preserve laziness, typed contracts and dependency content identity
  ---
  duration_ms: 17.368955
  type: 'test'
  ...
# Subtest: the active summary runs its strategy in SOP with no native task shortcut
ok 143 - the active summary runs its strategy in SOP with no native task shortcut
  ---
  duration_ms: 1922.426077
  type: 'test'
  ...
# Subtest: SOP selection preserves source spans and the historical policy across lengths, ties and focus changes
ok 144 - SOP selection preserves source spans and the historical policy across lengths, ties and focus changes
  ---
  duration_ms: 2481.89436
  type: 'test'
  ...
# Subtest: a source-only SOP strategy update changes behavior while preserving the primitive registry
ok 145 - a source-only SOP strategy update changes behavior while preserving the primitive registry
  ---
  duration_ms: 2378.838331
  type: 'test'
  ...
# Subtest: affine supervision induces a reusable SOP program over unrelated feature names
ok 146 - affine supervision induces a reusable SOP program over unrelated feature names
  ---
  duration_ms: 5.466631
  type: 'test'
  ...
# Subtest: the learned summary score is necessary, reproducible and transfers to new feature bindings
ok 147 - the learned summary score is necessary, reproducible and transfers to new feature bindings
  ---
  duration_ms: 2825.59928
  type: 'test'
  ...
# Subtest: ordinary document lengths fit the default circuit budget while explicit limits still stop selection
ok 148 - ordinary document lengths fit the default circuit budget while explicit limits still stop selection
  ---
  duration_ms: 1661.573608
  type: 'test'
  ...
# Subtest: ablating the learned scoring rule loses focus selection on an unseen document
ok 149 - ablating the learned scoring rule loses focus selection on an unseen document
  ---
  duration_ms: 2401.865845
  type: 'test'
  ...
# Subtest: a learned SOP receipt cannot certify changed program content
ok 150 - a learned SOP receipt cannot certify changed program content
  ---
  duration_ms: 4532.451617
  type: 'test'
  ...
# Subtest: the JSON boundary rejects accessors and hidden or extra properties without invoking them
ok 151 - the JSON boundary rejects accessors and hidden or extra properties without invoking them
  ---
  duration_ms: 2.108611
  type: 'test'
  ...
# Subtest: the VM owns its input snapshot and never freezes a caller or an external native result
ok 152 - the VM owns its input snapshot and never freezes a caller or an external native result
  ---
  duration_ms: 5.344477
  type: 'test'
  ...
# Subtest: returned values and cache inspection cannot mutate cached results
ok 153 - returned values and cache inspection cannot mutate cached results
  ---
  duration_ms: 5.220577
  type: 'test'
  ...
# Subtest: immutable sharing and hash memoization trust only recursively owned values
ok 154 - immutable sharing and hash memoization trust only recursively owned values
  ---
  duration_ms: 0.725662
  type: 'test'
  ...
# Subtest: cached subtree heights cannot bypass the nesting limit when shared deeper
ok 155 - cached subtree heights cannot bypass the nesting limit when shared deeper
  ---
  duration_ms: 1.509224
  type: 'test'
  ...
# Subtest: structural probes preserve falsy values, discriminate absence and ignore inherited keys
ok 156 - structural probes preserve falsy values, discriminate absence and ignore inherited keys
  ---
  duration_ms: 10.070989
  type: 'test'
  ...
# Subtest: record and SOP conversions retain ordinary data and observable property order
ok 157 - record and SOP conversions retain ordinary data and observable property order
  ---
  duration_ms: 13.221018
  type: 'test'
  ...
# Subtest: text operations are literal mechanisms with no regex or executable formatting
ok 158 - text operations are literal mechanisms with no regex or executable formatting
  ---
  duration_ms: 5.520619
  type: 'test'
  ...
# Subtest: scoped names are deterministic and rational arithmetic rejects coercion and undefined operations
ok 159 - scoped names are deterministic and rational arithmetic rejects coercion and undefined operations
  ---
  duration_ms: 11.319769
  type: 'test'
  ...
# Subtest: structural traversal consumes caller work budgets
ok 160 - structural traversal consumes caller work budgets
  ---
  duration_ms: 0.954954
  type: 'test'
  ...
# Subtest: SOP serialization and reconstruction consume the caller budget
ok 161 - SOP serialization and reconstruction consume the caller budget
  ---
  duration_ms: 1.778536
  type: 'test'
  ...
# Subtest: candidate validation, atomic promotion, reload and rollback work without sibling code
ok 162 - candidate validation, atomic promotion, reload and rollback work without sibling code
  ---
  duration_ms: 40227.899092
  type: 'test'
  ...
# Subtest: promotion rejects no-op candidates and verbatim evaluation leakage
ok 163 - promotion rejects no-op candidates and verbatim evaluation leakage
  ---
  duration_ms: 2517.583594
  type: 'test'
  ...
# Subtest: agent packet contains teacher examples and contracts, not promotion gate texts
ok 164 - agent packet contains teacher examples and contracts, not promotion gate texts
  ---
  duration_ms: 744.467972
  type: 'test'
  ...
# Subtest: registry writers cannot overwrite a concurrent promotion
ok 165 - registry writers cannot overwrite a concurrent promotion
  ---
  duration_ms: 0.913957
  type: 'test'
  ...
# Subtest: a candidate cannot replace the trusted task entrypoint to manufacture passing answers
ok 166 - a candidate cannot replace the trusted task entrypoint to manufacture passing answers
  ---
  duration_ms: 719.092219
  type: 'test'
  ...
1..166
# tests 166
# suites 0
# pass 166
# fail 0
# cancelled 0
# skipped 0
# todo 0
# duration_ms 66074.108157
